   5.238095e-01  -5.761905e-01   1.442442e+02   8.283204e-01   3.898412e+06   7.447718e-01   1.144877e-01   3.505199e+06   5.388257e+05
   6.190476e-01  -4.809524e-01   1.442442e+02   5.914855e-01   9.119533e+05   9.350448e-01   1.066693e-01   1.441654e+06   1.644630e+05
   7.142857e-01  -3.857143e-01   1.442442e+02   4.409838e-01   2.837461e+05   4.644773e-01   7.441531e-02   2.988628e+05   4.788171e+04
   8.095238e-01  -2.904762e-01   1.442442e+02   3.373571e-01   1.070842e+05   4.689133e-01   7.419977e-02   1.488429e+05   2.355256e+04
   9.047619e-01  -1.952381e-01   1.442442e+02   2.601858e-01   4.598861e+04   3.278123e-01   6.091117e-02   5.794180e+04   1.076623e+04
   1.000000e+00  -1.000000e-01   1.442442e+02   1.976077e-01   2.130047e+04   3.083015e-01   5.829073e-02   3.323235e+04   6.283258e+03
   1.095238e+00  -4.761905e-03   1.442442e+02   1.420568e-01   1.001780e+04   2.319336e-01   4.946907e-02   1.635589e+04   3.488544e+03
   1.190476e+00   9.047619e-02   1.442442e+02   8.947145e-02   4.363610e+03   2.312113e-01   4.822469e-02   1.127640e+04   2.351965e+03
   1.285714e+00   1.857143e-01   1.442442e+02   4.437409e-02   1.565298e+03   1.239826e-01   3.439430e-02   4.373491e+03   1.213261e+03
   1.380952e+00   2.809524e-01   1.442442e+02   3.562114e-02   9.428231e+02   1.187534e-01   3.294333e-02   3.143175e+03   8.719467e+02
   1.476190e+00   3.761905e-01   1.442442e+02   9.811454e-02   2.008953e+03   7.871351e-02   2.624252e-02   1.611706e+03   5.373312e+02
   1.571429e+00   4.714286e-01   1.442442e+02   1.749645e-01   2.843538e+03   2.671860e-01   4.725286e-02   4.342328e+03   7.679573e+02
   1.666667e+00   5.666667e-01   1.442442e+02   2.080127e-01   2.742601e+03   2.853238e-01   4.757424e-02   3.761929e+03   6.272556e+02
   1.761905e+00   6.619048e-01   1.442442e+02   2.111127e-01   2.300910e+03   2.966656e-01   4.752439e-02   3.233349e+03   5.179667e+02
   1.857143e+00   7.571429e-01   1.442442e+02   2.029982e-01   1.858855e+03   1.921067e-01   3.768539e-02   1.759122e+03   3.450853e+02
   1.952381e+00   8.523810e-01   1.442442e+02   1.917093e-01   1.495956e+03   1.782180e-01   3.565070e-02   1.390680e+03   2.781915e+02
   2.047619e+00   9.476190e-01   1.442442e+02   1.800316e-01   1.212135e+03   1.534760e-01   3.272728e-02   1.033339e+03   2.203496e+02
   2.142857e+00   1.042857e+00   1.442442e+02   1.688454e-01   9.917282e+02   1.497015e-01   3.192522e-02   8.792849e+02   1.875156e+02
   2.238095e+00   1.138095e+00   1.442442e+02   1.583745e-01   8.194679e+02   1.539462e-01   3.210956e-02   7.965550e+02   1.661427e+02
   2.333333e+00   1.233333e+00   1.442442e+02   1.486233e-01   6.833829e+02   1.257797e-01   2.886143e-02   5.783463e+02   1.327074e+02
   2.428571e+00   1.328571e+00   1.442442e+02   1.395299e-01   5.746094e+02   1.431837e-01   3.054047e-02   5.896563e+02   1.257712e+02
   2.523810e+00   1.423810e+00   1.442442e+02   1.310215e-01   4.866720e+02   1.221895e-01   2.804531e-02   4.538661e+02   1.041727e+02
   2.619048e+00   1.519048e+00   1.442442e+02   1.230326e-01   4.148304e+02   1.308726e-01   2.928458e-02   4.412644e+02   9.873913e+01
   2.714286e+00   1.614286e+00   1.442442e+02   1.155119e-01   3.555868e+02   6.557882e-02   2.074742e-02   2.018751e+02   6.386797e+01
   2.809524e+00   1.709524e+00   1.442442e+02   1.084242e-01   3.063388e+02   9.281108e-02   2.482397e-02   2.622260e+02   7.013700e+01
   2.904762e+00   1.804762e+00   1.442442e+02   1.017549e-01   2.651418e+02   1.342204e-01   3.004624e-02   3.497371e+02   7.829127e+01
   3.000000e+00   1.900000e+00   1.442442e+02   9.552111e-02   2.305606e+02   9.587052e-02   2.564628e-02   2.314040e+02   6.190279e+01
   3.095238e+00   1.995238e+00   1.442442e+02   8.981186e-02   2.016239e+02   5.547469e-02   1.962172e-02   1.245384e+02   4.404995e+01
   3.190476e+00   2.090476e+00   1.442442e+02   8.496014e-02   1.780604e+02   7.091508e-02   2.243579e-02   1.486246e+02   4.702117e+01
   3.285714e+00   2.185714e+00   1.442442e+02   8.290761e-02   1.627748e+02   5.793431e-02   2.049148e-02   1.137441e+02   4.023151e+01
   3.380952e+00   2.280952e+00   1.442442e+02   3.863561e-02   7.128643e+01   2.183277e-02   1.260714e-02   4.028357e+01   2.326140e+01
   3.476190e+00   2.376190e+00   1.442442e+02   6.031015e-02   1.048868e+02   5.957679e-02   2.107236e-02   1.036114e+02   3.664743e+01
   3.571429e+00   2.471429e+00   1.442442e+02   5.783959e-02   9.507386e+01   5.248224e-02   1.984360e-02   8.626770e+01   3.261792e+01
   3.666667e+00   2.566667e+00   1.442442e+02   5.405197e-02   8.419087e+01   1.541904e-02   1.090459e-02   2.401656e+01   1.698489e+01
   3.761905e+00   2.661905e+00   1.442442e+02   5.007312e-02   7.408206e+01   3.180429e-02   1.590874e-02   4.705373e+01   2.353663e+01


